// Jest Snapshot v1, https://goo.gl/fbAQLP

exports[`Test for quote page It should render quote component 1`] = `
<div
  style={
    Object {
      "alignItems": "center",
      "display": "flex",
      "flexDirection": "column",
      "height": "50vh",
      "justifyContent": "center",
    }
  }
>
  Mathematics is not about numbers, equations, computations,
  <br />
  or algorithms: it is about understanding.â€“William Paul Thurston
</div>
`;
